// Jest Snapshot v1, https://goo.gl/fbAQLP

exports[`BatchEdit renders batch 1`] = `
Array [
  <Component
    name={
      Object {
        "actions": Array [],
        "date": "2020-10-18:10:00:00Z",
        "description": "",
        "name": "",
      }
    }
    updateName={[Function]}
  />,
  <div
    className="content"
  >
    <Component
      addStep={[Function]}
      deleteStep={[Function]}
      disabled={false}
      steps={Array []}
      updateStep={[Function]}
    />
    <button
      className="button is-info"
      onClick={[Function]}
    >
      <span>
        close
      </span>
    </button>
  </div>,
]
`;

exports[`BatchEditor renders batch 1`] = `
<div
  className="tile is-ancestor"
>
  <div
    className="tile is-8 is-vertical is-parent"
  >
    <div
      className="tile is-child"
    >
      <Component
        batch={
          Object {
            "actions": Array [],
            "date": "2020-10-18:10:00:00Z",
            "description": "",
            "name": "",
          }
        }
        id="batch1"
      />
    </div>
  </div>
  <div
    className="tile is-parent"
  >
    <div
      className="tile is-child box"
    >
      <Component
        batch={
          Object {
            "actions": Array [],
            "date": "2020-10-18:10:00:00Z",
            "description": "",
            "name": "",
          }
        }
        id="batch1"
      />
    </div>
  </div>
</div>
`;

exports[`BatchEditor renders not found 1`] = `<Component />`;
